Microchip Technology Inc, v1.41 (B)

Tool Name:
  c:\program files (x86)\microchip\xc16\v1.41\bin\bin\..\bin/elf-ld.exe

Command:
  -p24FJ256GB210 \
  --mdfp=C:/Users/smild/.mchp_packs/Microchip/PIC24F-DA-GB_DFP/1.3.63/xc16 \
  -o \
  dist/default/production/Master_v.6.53.249.X.production.elf \
  -Lc:/program files (x86)/microchip/xc16/v1.41/bin/bin/.. \
  -LC:/Users/smild/.mchp_packs/Microchip/PIC24F-DA-GB_DFP/1.3.63/xc16/bin/../support/PIC24F/gld \
  -Lc:/program files (x86)/microchip/xc16/v1.41/bin/bin/../../lib \
  -Lc:/program files (x86)/microchip/xc16/v1.41/bin/bin/../../support/PIC24E/gld \
  -Lc:/program files (x86)/microchip/xc16/v1.41/bin/bin/../../support/PIC24F/gld \
  -Lc:/program files (x86)/microchip/xc16/v1.41/bin/bin/../../support/PIC24H/gld \
  -Lc:/program files (x86)/microchip/xc16/v1.41/bin/bin/../../support/dsPIC30F/gld \
  -Lc:/program files (x86)/microchip/xc16/v1.41/bin/bin/../../support/dsPIC33C/gld \
  -Lc:/program files (x86)/microchip/xc16/v1.41/bin/bin/../../support/dsPIC33E/gld \
  -Lc:/program files (x86)/microchip/xc16/v1.41/bin/bin/../../support/dsPIC33F/gld \
  build/default/production/_ext/1472/DefinePeriferiche.o \
  build/default/production/_ext/1472/Driver_Comunicazione.o \
  build/default/production/_ext/1472/I2C.o \
  build/default/production/_ext/1472/Main.o \
  build/default/production/_ext/1472/ProtocolloComunicazione.o \
  build/default/production/_ext/1472/Timer.o \
  build/default/production/_ext/1472/usart.o \
  build/default/production/_ext/1472/ADC.o \
  build/default/production/_ext/1472/EEPROM.o \
  build/default/production/_ext/1472/Driver_ModBus.o \
  build/default/production/_ext/1472/ProtocolloModBus.o \
  build/default/production/_ext/1472/Core.o \
  build/default/production/_ext/1472/PID.o \
  build/default/production/_ext/1472/LCD_ScreenInfo.o \
  build/default/production/_ext/1472/i2c_LCD_Driver.o \
  build/default/production/_ext/1472/soft_i2c.o \
  build/default/production/_ext/1472/DAC.o \
  build/default/production/_ext/1472/SevenSegDisplay.o \
  build/default/production/_ext/1472/ServiceComunication.o \
  build/default/production/_ext/1472/Interrupt.o \
  build/default/production/_ext/1472/Driver_ModBus_U4.o \
  build/default/production/_ext/1472/ModbusCAN.o \
  build/default/production/_ext/1472/ProtocolloModBus_U4.o \
  --local-stack \
  --defsym=__MPLAB_BUILD=1 \
  -Tp24FJ256GB210.gld.00 \
  --stack=16 \
  --check-sections \
  --data-init \
  --pack-data \
  --handles \
  --isr \
  --no-gc-sections \
  --fill-upper=0 \
  --stackguard=16 \
  --no-force-link \
  --smart-io \
  -Map=dist/default/production/Master_v.6.53.249.X.production.map \
  --report-mem \
  --memorysummary \
  dist/default/production/memoryfile.xml \
  -start-group \
  --library=lega-pic30-elf \
  --library=m-elf \
  --library=lega-c-elf \
  -end-group \


Optional library libpPIC24Fxxx.a not found
Archive member included because of file (symbol)

c:/program files (x86)/microchip/xc16/v1.41/bin/bin/../../lib\liblega-pic30-elf.a(crt0_extended24.o)
                              (__resetPRI)
c:/program files (x86)/microchip/xc16/v1.41/bin/bin/../../lib\liblega-pic30-elf.a(data_init_24.o)
                              c:/program files (x86)/microchip/xc16/v1.41/bin/bin/../../lib\liblega-pic30-elf.a(crt0_extended24.o) (__data_init_da)
c:/program files (x86)/microchip/xc16/v1.41/bin/bin/../../lib\liblega-pic30-elf.a(crt_start_mode_normalda.Leo)
                              (__crt_start_mode_normal)
c:/program files (x86)/microchip/xc16/v1.41/bin/bin/../../lib\liblega-pic30-elf.a(delay32da.Leo)
                              build/default/production/_ext/1472/I2C.o (___delay32)
c:/program files (x86)/microchip/xc16/v1.41/bin/bin/../../lib\libm-elf.a(addsf3.daeo)
                              build/default/production/_ext/1472/Main.o (___subsf3)
c:/program files (x86)/microchip/xc16/v1.41/bin/bin/../../lib\libm-elf.a(ceilf.daeo)
                              build/default/production/_ext/1472/Core.o (_ceilf)
c:/program files (x86)/microchip/xc16/v1.41/bin/bin/../../lib\libm-elf.a(divsf3.daeo)
                              build/default/production/_ext/1472/Main.o (___divsf3)
c:/program files (x86)/microchip/xc16/v1.41/bin/bin/../../lib\libm-elf.a(fchop.daeo)
                              c:/program files (x86)/microchip/xc16/v1.41/bin/bin/../../lib\libm-elf.a(ceilf.daeo) (__fchop)
c:/program files (x86)/microchip/xc16/v1.41/bin/bin/../../lib\libm-elf.a(feqltle.daeo)
                              build/default/production/_ext/1472/PID.o (___eqsf2)
c:/program files (x86)/microchip/xc16/v1.41/bin/bin/../../lib\libm-elf.a(fgtge.daeo)
                              build/default/production/_ext/1472/Core.o (___gtsf2)
c:/program files (x86)/microchip/xc16/v1.41/bin/bin/../../lib\libm-elf.a(fixsfsi.daeo)
[...]
Memory Configuration

Name             Origin             Length             Attributes
data             0x000800           0x018000           a !xr
reset            0x000000           0x000004  
ivt              0x000004           0x0000fc  
_reserved        0x000100           0x000004  
aivt             0x000104           0x0000fc  
program          0x000200           0x02a9f8           xr
CONFIG4          0x02abf8           0x000002  
CONFIG3          0x02abfa           0x000002  
CONFIG2          0x02abfc           0x000002  
CONFIG1          0x02abfe           0x000002  
*default*        0x000000           0xffffffff  

Linker script and memory map

LOAD build/default/production/_ext/1472/DefinePeriferiche.o
LOAD build/default/production/_ext/1472/Driver_Comunicazione.o
LOAD build/default/production/_ext/1472/I2C.o
LOAD build/default/production/_ext/1472/Main.o
LOAD build/default/production/_ext/1472/ProtocolloComunicazione.o
LOAD build/default/production/_ext/1472/Timer.o
LOAD build/default/production/_ext/1472/usart.o
LOAD build/default/production/_ext/1472/ADC.o
LOAD build/default/production/_ext/1472/EEPROM.o
LOAD build/default/production/_ext/1472/Driver_ModBus.o
LOAD build/default/production/_ext/1472/ProtocolloModBus.o
LOAD build/default/production/_ext/1472/Core.o
LOAD build/default/production/_ext/1472/PID.o
LOAD build/default/production/_ext/1472/LCD_ScreenInfo.o
LOAD build/default/production/_ext/1472/i2c_LCD_Driver.o
LOAD build/default/production/_ext/1472/soft_i2c.o
LOAD build/default/production/_ext/1472/DAC.o
LOAD build/default/production/_ext/1472/SevenSegDisplay.o
LOAD build/default/production/_ext/1472/ServiceComunication.o
LOAD build/default/production/_ext/1472/Interrupt.o
LOAD build/default/production/_ext/1472/Driver_ModBus_U4.o
LOAD build/default/production/_ext/1472/ModbusCAN.o
LOAD build/default/production/_ext/1472/ProtocolloModBus_U4.o
                    0x0001                  __MPLAB_BUILD = 0x1
LOAD pPIC24Fxxx
LOAD c:/program files (x86)/microchip/xc16/v1.41/bin/bin/../../lib\libfx-elf.a
                    0x2abf8                  __CONFIG4 = 0x2abf8
                    0x2abfa                  __CONFIG3 = 0x2abfa
                    0x2abfc                  __CONFIG2 = 0x2abfc
                    0x2abfe                  __CONFIG1 = 0x2abfe
                    0x0200                  __CODE_BASE = 0x200
                    0x2a9f8                  __CODE_LENGTH = 0x2a9f8
                    0x0004                  __IVT_BASE = 0x4
                    0x0104                  __AIVT_BASE = 0x104
                    0x0800                  __DATA_BASE = 0x800
                    0x18000                  __DATA_LENGTH = 0x18000

.reset            0x000000          0x4
                  0x000000          0x2 SHORT 0x200 ABSOLUTE (__reset)
                  0x000001          0x2 SHORT 0x4
                  0x000002          0x2 SHORT 0x0 ((ABSOLUTE (__reset) >> 0x10) & 0x7f)
                  0x000003          0x2 SHORT 0x0

.text             0x000200       0x2322
 *(.init)
 .init            0x000200         0x4c c:/program files (x86)/microchip/xc16/v1.41/bin/bin/../../lib\liblega-pic30-elf.a(crt0_extended24.o)
                  0x000200                  __resetPRI
                  0x000200                  __reset
                  0x00023c                  __psv_init
 .init            0x00024c         0xb8 c:/program files (x86)/microchip/xc16/v1.41/bin/bin/../../lib\liblega-pic30-elf.a(data_init_24.o)
                  0x000252                  __data_init
                  0x000252                  __data_init_da
 *(.user_init)
 *(.handle)
 .handle          0x000304         0x18 jump_table
 *(.isr*)
 .isr.text        0x00031c        0x768 build/default/production/_ext/1472/Interrupt.o
                  0x00031c                  __ADC1Interrupt
                  0x0004d0                  __U1RXInterrupt
                  0x000512                  __U1TXInterrupt
                  0x0005a2                  __U1ErrInterrupt
                  0x0005c8                  __U2RXInterrupt
                  0x000600                  __U2TXInterrupt
                  0x000646                  __U2ErrInterrupt
                  0x00066c                  __U3RXInterrupt
                  0x00069c                  __U3TXInterrupt
                  0x0006e2                  __U3ErrInterrupt
                  0x000708                  __U4RXInterrupt
                  0x000740                  __U4TXInterrupt
                  0x000786                  __U4ErrInterrupt
                  0x0007ac                  __T1Interrupt
                  0x000a20                  __T2Interrupt
                  0x000a28                  __T3Interrupt
                  0x000a74                  __T4Interrupt
                  0x000a7c                  __T5Interrupt
 .isr             0x000a84          0x4 default_isr
                  0x000a84                  __DefaultInterrupt
 *(.libc)
 *(.libm)
 *(.libdsp)
 *(.lib*)
 .libpic30_crt_start_mode
                  0x000a88          0x2 c:/program files (x86)/microchip/xc16/v1.41/bin/bin/../../lib\liblega-pic30-elf.a(crt_start_mode_normalda.Leo)
                  0x000a88                  __crt_start_mode
                  0x000a88                  __crt_start_mode_normal
 .libm.subsf3     0x000a8a         0xbc c:/program files (x86)/microchip/xc16/v1.41/bin/bin/../../lib\libm-elf.a(addsf3.daeo)
                  0x000a8a                  ___subsf3
                  0x000a8c                  ___addsf3
 .libm.ceilf      0x000b46         0x10 c:/program files (x86)/microchip/xc16/v1.41/bin/bin/../../lib\libm-elf.a(ceilf.daeo)
                  0x000b46                  _ceilf
 .libm.divfs3     0x000b56         0x84 c:/program files (x86)/microchip/xc16/v1.41/bin/bin/../../lib\libm-elf.a(divsf3.daeo)
                  0x000b56                  ___divsf3
 .libm.fchop      0x000bda         0x4e c:/program files (x86)/microchip/xc16/v1.41/bin/bin/../../lib\libm-elf.a(fchop.daeo)
                  0x000bda                  __fchop
 .libm.eqsf2      0x000c28          0x4 c:/program files (x86)/microchip/xc16/v1.41/bin/bin/../../lib\libm-elf.a(feqltle.daeo)
                  0x000c28                  ___eqsf2
                  0x000c28                  ___ltsf2
                  0x000c28                  ___lesf2
 .libm.gtsf2      0x000c2c          0x4 c:/program files (x86)/microchip/xc16/v1.41/bin/bin/../../lib\libm-elf.a(fgtge.daeo)
                  0x000c2c                  ___gesf2
                  0x000c2c                  ___gtsf2
 .libm.fixsfsi    0x000c30         0x42 c:/program files (x86)/microchip/xc16/v1.41/bin/bin/../../lib\libm-elf.a(fixsfsi.daeo)
                  0x000c30                  _(float, int, long long, short, float, short, int)
 .libm.fixunssfsi
                  0x000c72         0x36 c:/program files (x86)/microchip/xc16/v1.41/bin/bin/../../lib\libm-elf.a(fixunssfsi.daeo)
                  0x000c72                  ___fixunssfsi
 .libm.floatsisf
                  0x000ca8          0x6 c:/program files (x86)/microchip/xc16/v1.41/bin/bin/../../lib\libm-elf.a(floatsisf.daeo)
                  0x000ca8                  ___floatsisf
 .libm.floatunsisf
                  0x000cae          0x4 c:/program files (x86)/microchip/xc16/v1.41/bin/bin/../../lib\libm-elf.a(floatunsisf.daeo)
                  0x000cae                  ___floatunsisf
 .libm.floorf     0x000cb2         0x10 c:/program files (x86)/microchip/xc16/v1.41/bin/bin/../../lib\libm-elf.a(floorf.daeo)
                  0x000cb2                  _floorf
 .libm.fpack      0x000cc2         0x4c c:/program files (x86)/microchip/xc16/v1.41/bin/bin/../../lib\libm-elf.a(fpack.daeo)
                  0x000cc2                  __fpack
 .libm.funpack    0x000d0e         0x2a c:/program files (x86)/microchip/xc16/v1.41/bin/bin/../../lib\libm-elf.a(funpack.daeo)
                  0x000d0e                  __funpack
 .libm.funpack2
                  0x000d38         0x10 c:/program files (x86)/microchip/xc16/v1.41/bin/bin/../../lib\libm-elf.a(funpack2.daeo)
                  0x000d38                  __funpack2
 .libm.fPropagateNaN
                  0x000d48         0x12 c:/program files (x86)/microchip/xc16/v1.41/bin/bin/../../lib\libm-elf.a(futil.daeo)
                  0x000d48                  __fPropagateNaN
 .libm.fbobExit
                  0x000d5a          0x8 c:/program files (x86)/microchip/xc16/v1.41/bin/bin/../../lib\libm-elf.a(futil.daeo)
                  0x000d5a                  __fbopExit
 .libm.fbopReturnNaN
                  0x000d62          0x6 c:/program files (x86)/microchip/xc16/v1.41/bin/bin/../../lib\libm-elf.a(futil.daeo)
                  0x000d62                  __fbopReturnNaN
 .libm.logf       0x000d68         0xae c:/program files (x86)/microchip/xc16/v1.41/bin/bin/../../lib\libm-elf.a(logf.daeo)
                  0x000d68                  _logf
 .libm.mulsf3     0x000e16         0x68 c:/program files (x86)/microchip/xc16/v1.41/bin/bin/../../lib\libm-elf.a(mulsf3.daeo)
                  0x000e16                  ___mulsf3
 .libm.__PplusBdi
                  0x000e7e         0x26 c:/program files (x86)/microchip/xc16/v1.41/bin/bin/../../lib\libm-elf.a(divmoddi3.daeo)
 .libm.__PminusBdi
                  0x000ea4         0x26 c:/program files (x86)/microchip/xc16/v1.41/bin/bin/../../lib\libm-elf.a(divmoddi3.daeo)
 .libm.__udivmoddi3
                  0x000eca         0xe6 c:/program files (x86)/microchip/xc16/v1.41/bin/bin/../../lib\libm-elf.a(divmoddi3.daeo)
                  0x000eca                  ___udivmoddi3
 .libm.__udivdi3
                  0x000fb0          0xe c:/program files (x86)/microchip/xc16/v1.41/bin/bin/../../lib\libm-elf.a(divmoddi3.daeo)
                  0x000fb0                  ___udivdi3
 .libm.__umoddi3
                  0x000fbe          0x8 c:/program files (x86)/microchip/xc16/v1.41/bin/bin/../../lib\libm-elf.a(divmoddi3.daeo)
                  0x000fbe                  ___umoddi3
 .libm.__divdi3
                  0x000fc6         0x60 c:/program files (x86)/microchip/xc16/v1.41/bin/bin/../../lib\libm-elf.a(divmoddi3.daeo)
                  0x000fc6                  ___divdi3
 .libm.__moddi3
                  0x001026         0x5c c:/program files (x86)/microchip/xc16/v1.41/bin/bin/../../lib\libm-elf.a(divmoddi3.daeo)
                  0x001026                  ___moddi3
 .libm.__muldi3
                  0x001082         0x52 c:/program files (x86)/microchip/xc16/v1.41/bin/bin/../../lib\libm-elf.a(muldi3.daeo)
                  0x001082                  ___muldi3
 .libm.frexpf     0x0010d4         0x1a c:/program files (x86)/microchip/xc16/v1.41/bin/bin/../../lib\libm-elf.a(_frexpf.daeo)
                  0x0010d4                  __frexpf
 .libm.fcompare
                  0x0010ee         0x36 c:/program files (x86)/microchip/xc16/v1.41/bin/bin/../../lib\libm-elf.a(fcompare.daeo)
                  0x0010ee                  __fcompare
 .libm.floatdisf
                  0x001124         0x20 c:/program files (x86)/microchip/xc16/v1.41/bin/bin/../../lib\libm-elf.a(floatdisf.daeo)
                  0x001124                  ___floatdisf
 .libm.floatundisf
                  0x001144         0x5e c:/program files (x86)/microchip/xc16/v1.41/bin/bin/../../lib\libm-elf.a(floatundisf.daeo)
                  0x001144                  ___floatundisf
 .libm.umuldi3    0x0011a2         0x44 c:/program files (x86)/microchip/xc16/v1.41/bin/bin/../../lib\libm-elf.a(umuldi3.daeo)
                  0x0011a2                  ___umuldi3
 .libc.memcpy     0x0011e6          0xe c:/program files (x86)/microchip/xc16/v1.41/bin/bin/../../lib\liblega-c-elf.a(memcpy.DA_eo)
                  0x0011e6                  _memcpy
 .libc.prout      0x0011f4          0xe c:/program files (x86)/microchip/xc16/v1.41/bin/bin/../../lib\liblega-c-elf.a(sprintf_cdfFnopuxX.DAeo)
                  0x0011f4                  sprintf_cdfFnopuxX.DAeo:_prout
 .libc._sprintf_cdfFnopuxX
                  0x001202         0x1e c:/program files (x86)/microchip/xc16/v1.41/bin/bin/../../lib\liblega-c-elf.a(sprintf_cdfFnopuxX.DAeo)
                  0x001202                  __sprintf_cdnopuxX
                  0x001202                  __sprintf_cdfFnopuxX
 .libc.__Printf_cdfFnopuxX
                  0x001220        0x164 c:/program files (x86)/microchip/xc16/v1.41/bin/bin/../../lib\liblega-c-elf.a(xprintf_cdfFnopuxX.DAeo)
                  0x001220                  ___Printf_cdnopuxX
                  0x001220                  ___Printf_cdfFnopuxX
 .libc.__Putfld_cdfFnopuxX
                  0x001384        0x2a6 c:/program files (x86)/microchip/xc16/v1.41/bin/bin/../../lib\liblega-c-elf.a(xputfld_cdfFnopuxX.DAeo)
                  0x001384                  ___Putfld_cdfFnopuxX
                  0x001384                  ___Putfld_cdnopuxX
 .libc.__Ldtob_cdfFnopuxX
                  0x00162a        0x250 c:/program files (x86)/microchip/xc16/v1.41/bin/bin/../../lib\liblega-c-elf.a(xldtob_cdfFnopuxX.DAeo)
                  0x00162a                  ___Ldtob_cdfFnopuxX
 .libc.__Genld_cdfFnopuxX
                  0x00187a        0x208 c:/program files (x86)/microchip/xc16/v1.41/bin/bin/../../lib\liblega-c-elf.a(xgenld_cdfFnopuxX.DAeo)
                  0x00187a                  ___Genld_cdfFnopuxX
 .libc.div        0x001a82         0x16 c:/program files (x86)/microchip/xc16/v1.41/bin/bin/../../lib\liblega-c-elf.a(div.DA_eo)
                  0x001a82                  _div
 .libc.ldiv       0x001a98         0x2a c:/program files (x86)/microchip/xc16/v1.41/bin/bin/../../lib\liblega-c-elf.a(ldiv.DA_eo)
                  0x001a98                  _ldiv
 .libc.strchr     0x001ac2         0x18 c:/program files (x86)/microchip/xc16/v1.41/bin/bin/../../lib\liblega-c-elf.a(strchr.DA_eo)
                  0x001ac2                  _strchr
 .libc._LDunscale
                  0x001ada         0x54 c:/program files (x86)/microchip/xc16/v1.41/bin/bin/../../lib\liblega-c-elf.a(xldunsca.DA_eo)
                  0x001ada                  __LDunscale
 .libc._Litob     0x001b2e        0x25e c:/program files (x86)/microchip/xc16/v1.41/bin/bin/../../lib\liblega-c-elf.a(xlitob.DA_eo)
                  0x001b2e                  __Litob
 .libc._Puttxt    0x001d8c        0x178 c:/program files (x86)/microchip/xc16/v1.41/bin/bin/../../lib\liblega-c-elf.a(xputtxt.DA_eo)
                  0x001d8c                  __Puttxt
 .libc._Vacopy    0x001f04          0x4 c:/program files (x86)/microchip/xc16/v1.41/bin/bin/../../lib\liblega-c-elf.a(xvacopy.DA_eo)
                  0x001f04                  __Vacopy
 .libc._Dnorm     0x001f08         0x98 c:/program files (x86)/microchip/xc16/v1.41/bin/bin/../../lib\liblega-c-elf.a(xdnorm.DA_elo)
                  0x001f08                  __Dnorm
 .libm.eqdf2      0x001fa0          0xa c:/program files (x86)/microchip/xc16/v1.41/bin/bin/../../lib\libm-elf.a(deqltle.daeo)
                  0x001fa0                  ___eqdf2
                  0x001fa0                  ___ltdf2
                  0x001fa0                  ___ledf2
 .libm.gtdf2      0x001faa          0xa c:/program files (x86)/microchip/xc16/v1.41/bin/bin/../../lib\libm-elf.a(dgtge.daeo)
                  0x001faa                  ___gtdf2
                  0x001faa                  ___gedf2
 .libm.divdf3     0x001fb4         0xb4 c:/program files (x86)/microchip/xc16/v1.41/bin/bin/../../lib\libm-elf.a(divdf3.daeo)
                  0x001fb4                  ___divdf3
 .libm.divsi3     0x002068         0x1e c:/program files (x86)/microchip/xc16/v1.41/bin/bin/../../lib\libm-elf.a(divsi3.daeo)
                  0x002068                  ___divsi3
 .libm.dpack      0x002086         0x58 c:/program files (x86)/microchip/xc16/v1.41/bin/bin/../../lib\libm-elf.a(dpack.daeo)
                  0x002086                  __dpack
 .libm.dunpack2
                  0x0020de         0x32 c:/program files (x86)/microchip/xc16/v1.41/bin/bin/../../lib\libm-elf.a(dunpack2.daeo)
                  0x0020de                  __dunpack2
                  0x002100                  __dreturnNaN
                  0x002106                  __dunpack2exit
 .libm.extendsfdf2
                  0x002110         0x3e c:/program files (x86)/microchip/xc16/v1.41/bin/bin/../../lib\libm-elf.a(extendsfdf.daeo)
                  0x002110                  ___extendsfdf2
 .libm.fixdfsi    0x00214e         0x58 c:/program files (x86)/microchip/xc16/v1.41/bin/bin/../../lib\libm-elf.a(fixdfsi.daeo)
                  0x00214e                  _(float, int, long long, double, float, short, int)
 .libm.floatsidf
                  0x0021a6          0x6 c:/program files (x86)/microchip/xc16/v1.41/bin/bin/../../lib\libm-elf.a(floatsidf.daeo)
                  0x0021a6                  ___floatsidf
 .libm.muldf3     0x0021ac         0xec c:/program files (x86)/microchip/xc16/v1.41/bin/bin/../../lib\libm-elf.a(muldf3.daeo)
                  0x0021ac                  ___muldf3
 .libm.subdf3     0x002298          0x4 c:/program files (x86)/microchip/xc16/v1.41/bin/bin/../../lib\libm-elf.a(subdf3.daeo)
                  0x002298                  ___subdf3
 .libm.udivsi3    0x00229c         0x20 c:/program files (x86)/microchip/xc16/v1.41/bin/bin/../../lib\libm-elf.a(udivsi3.daeo)
                  0x00229c                  ___udivsi3
 .libm.umodsi3    0x0022bc          0x6 c:/program files (x86)/microchip/xc16/v1.41/bin/bin/../../lib\libm-elf.a(umodsi3.daeo)
                  0x0022bc                  ___umodsi3
 .libm.mulsi3     0x0022c2          0xc c:/program files (x86)/microchip/xc16/v1.41/bin/bin/../../lib\libm-elf.a(mulsi3.daeo)
                  0x0022c2                  ___mulp32peds3
                  0x0022c2                  ___mulsi3
                  0x0022c2                  ___mulp32eds3
 *fill*           0x0022ce          0x400
 .libm.adddf3     0x0022d0         0xfc c:/program files (x86)/microchip/xc16/v1.41/bin/bin/../../lib\libm-elf.a(adddf3.daeo)
                  0x0022d0                  ___adddf3
 .libm.dcompare
                  0x0023cc         0x52 c:/program files (x86)/microchip/xc16/v1.41/bin/bin/../../lib\libm-elf.a(dcompare.daeo)
                  0x0023cc                  __dcompare
 .libm.dPropagateNaN
                  0x00241e         0x1c c:/program files (x86)/microchip/xc16/v1.41/bin/bin/../../lib\libm-elf.a(dpropagateNaN.daeo)
                  0x00241e                  __dPropagateNaN
 .libm.dtype      0x00243a         0x24 c:/program files (x86)/microchip/xc16/v1.41/bin/bin/../../lib\libm-elf.a(dtype.daeo)
                  0x00243a                  __dtype
 .libm.dunpack    0x00245e         0x4e c:/program files (x86)/microchip/xc16/v1.41/bin/bin/../../lib\libm-elf.a(dunpack.daeo)
                  0x00245e                  __dunpack
 .libm.floatdidf
                  0x0024ac         0x20 c:/program files (x86)/microchip/xc16/v1.41/bin/bin/../../lib\libm-elf.a(floatdidf.daeo)
                  0x0024ac                  ___floatdidf
 .libm.floatundidf
                  0x0024cc         0x56 c:/program files (x86)/microchip/xc16/v1.41/bin/bin/../../lib\libm-elf.a(floatundidf.daeo)
                  0x0024cc                  ___floatundidf

usercode
 *(usercode)

__CONFIG4
 *(__CONFIG4.sec*)

__CONFIG3
 *(__CONFIG3.sec*)

__CONFIG2
 *(__CONFIG2.sec*)

__CONFIG1
 *(__CONFIG1.sec*)

.comment
 *(.comment)

.debug_info       0x000000      0x424fe
 *(.debug_info)
 .debug_info      0x000000       0x3bb9 build/default/production/_ext/1472/DefinePeriferiche.o
 .debug_info      0x003bb9       0x2b59 build/default/production/_ext/1472/Driver_Comunicazione.o
 .debug_info      0x006712        0x924 build/default/production/_ext/1472/I2C.o
 .debug_info      0x007036       0x9f9c build/default/production/_ext/1472/Main.o
 .debug_info      0x010fd2       0x5394 build/default/production/_ext/1472/ProtocolloComunicazione.o
 .debug_info      0x016366       0x4623 build/default/production/_ext/1472/Timer.o
 .debug_info      0x01a989       0x10a2 build/default/production/_ext/1472/usart.o
 .debug_info      0x01ba2b        0xe4d build/default/production/_ext/1472/ADC.o
 .debug_info      0x01c878       0x31be build/default/production/_ext/1472/EEPROM.o
 .debug_info      0x01fa36       0x2f11 build/default/production/_ext/1472/Driver_ModBus.o
 .debug_info      0x022947       0x4478 build/default/production/_ext/1472/ProtocolloModBus.o
 .debug_info      0x026dbf       0x4c54 build/default/production/_ext/1472/Core.o
 .debug_info      0x02ba13       0x30f6 build/default/production/_ext/1472/PID.o
 .debug_info      0x02eb09       0x21f7 build/default/production/_ext/1472/LCD_ScreenInfo.o
 .debug_info      0x030d00        0x54e build/default/production/_ext/1472/i2c_LCD_Driver.o
 .debug_info      0x03124e        0x7ea build/default/production/_ext/1472/soft_i2c.o
 .debug_info      0x031a38        0x338 build/default/production/_ext/1472/DAC.o
 .debug_info      0x031d70       0x22ac build/default/production/_ext/1472/SevenSegDisplay.o
 .debug_info      0x03401c       0x109b build/default/production/_ext/1472/ServiceComunication.o
 .debug_info      0x0350b7       0x48a4 build/default/production/_ext/1472/Interrupt.o
 .debug_info      0x03995b       0x2a63 build/default/production/_ext/1472/Driver_ModBus_U4.o
 .debug_info      0x03c3be       0x375c build/default/production/_ext/1472/ModbusCAN.o
 .debug_info      0x03fb1a       0x29e4 build/default/production/_ext/1472/ProtocolloModBus_U4.o
 *(.gnu.linkonce.wi.*)

.debug_abbrev     0x000000       0x2920
 *(.debug_abbrev)
 .debug_abbrev    0x000000         0xc5 build/default/production/_ext/1472/DefinePeriferiche.o
 .debug_abbrev    0x0000c5        0x25f build/default/production/_ext/1472/Driver_Comunicazione.o
 .debug_abbrev    0x000324        0x15b build/default/production/_ext/1472/I2C.o
 .debug_abbrev    0x00047f        0x298 build/default/production/_ext/1472/Main.o
 .debug_abbrev    0x000717        0x298 build/default/production/_ext/1472/ProtocolloComunicazione.o
 .debug_abbrev    0x0009af        0x201 build/default/production/_ext/1472/Timer.o
 .debug_abbrev    0x000bb0        0x117 build/default/production/_ext/1472/usart.o
 .debug_abbrev    0x000cc7        0x178 build/default/production/_ext/1472/ADC.o
 .debug_abbrev    0x000e3f        0x23e build/default/production/_ext/1472/EEPROM.o
 .debug_abbrev    0x00107d        0x218 build/default/production/_ext/1472/Driver_ModBus.o
 .debug_abbrev    0x001295        0x2a5 build/default/production/_ext/1472/ProtocolloModBus.o
 .debug_abbrev    0x00153a        0x285 build/default/production/_ext/1472/Core.o
 .debug_abbrev    0x0017bf        0x1b1 build/default/production/_ext/1472/PID.o
 .debug_abbrev    0x001970        0x16f build/default/production/_ext/1472/LCD_ScreenInfo.o
 .debug_abbrev    0x001adf         0xc0 build/default/production/_ext/1472/i2c_LCD_Driver.o
 .debug_abbrev    0x001b9f         0xf7 build/default/production/_ext/1472/soft_i2c.o
 .debug_abbrev    0x001c96         0xbf build/default/production/_ext/1472/DAC.o
 .debug_abbrev    0x001d55        0x136 build/default/production/_ext/1472/SevenSegDisplay.o
 .debug_abbrev    0x001e8b        0x229 build/default/production/_ext/1472/ServiceComunication.o
 .debug_abbrev    0x0020b4        0x262 build/default/production/_ext/1472/Interrupt.o
 .debug_abbrev    0x002316        0x1f2 build/default/production/_ext/1472/Driver_ModBus_U4.o
 .debug_abbrev    0x002508        0x23f build/default/production/_ext/1472/ModbusCAN.o
 .debug_abbrev    0x002747        0x1d9 build/default/production/_ext/1472/ProtocolloModBus_U4.o

.debug_line       0x000000       0x4627
 *(.debug_line)
 .debug_line      0x000000        0x157 build/default/production/_ext/1472/DefinePeriferiche.o
 .debug_line      0x000157        0x1fb build/default/production/_ext/1472/Driver_Comunicazione.o
 .debug_line      0x000352        0x1a3 build/default/production/_ext/1472/I2C.o
 .debug_line      0x0004f5        0x4a2 build/default/production/_ext/1472/Main.o
 .debug_line      0x000997        0xf1a build/default/production/_ext/1472/ProtocolloComunicazione.o
 .debug_line      0x0018b1        0x212 build/default/production/_ext/1472/Timer.o
 .debug_line      0x001ac3        0x155 build/default/production/_ext/1472/usart.o
 .debug_line      0x001c18        0x1de build/default/production/_ext/1472/ADC.o
 .debug_line      0x001df6         0xfe build/default/production/_ext/1472/EEPROM.o
 .debug_line      0x001ef4        0x21d build/default/production/_ext/1472/Driver_ModBus.o
 .debug_line      0x002111        0x839 build/default/production/_ext/1472/ProtocolloModBus.o
 .debug_line      0x00294a        0xb51 build/default/production/_ext/1472/Core.o
 .debug_line      0x00349b         0xd6 build/default/production/_ext/1472/PID.o
 .debug_line      0x003571         0xb8 build/default/production/_ext/1472/LCD_ScreenInfo.o
 .debug_line      0x003629         0x9c build/default/production/_ext/1472/i2c_LCD_Driver.o
 .debug_line      0x0036c5        0x14f build/default/production/_ext/1472/soft_i2c.o
 .debug_line      0x003814        0x110 build/default/production/_ext/1472/DAC.o
 .debug_line      0x003924        0x1fd build/default/production/_ext/1472/SevenSegDisplay.o
 .debug_line      0x003b21        0x258 build/default/production/_ext/1472/ServiceComunication.o
 .debug_line      0x003d79        0x347 build/default/production/_ext/1472/Interrupt.o
 .debug_line      0x0040c0        0x228 build/default/production/_ext/1472/Driver_ModBus_U4.o
 .debug_line      0x0042e8        0x208 build/default/production/_ext/1472/ModbusCAN.o
 .debug_line      0x0044f0        0x137 build/default/production/_ext/1472/ProtocolloModBus_U4.o

.debug_frame      0x000000       0x286a
 *(.debug_frame)
 .debug_frame     0x000000         0x30 build/default/production/_ext/1472/DefinePeriferiche.o
 .debug_frame     0x000030        0x110 build/default/production/_ext/1472/Driver_Comunicazione.o
 .debug_frame     0x000140        0x12c build/default/production/_ext/1472/I2C.o
 .debug_frame     0x00026c        0x156 build/default/production/_ext/1472/Main.o
 .debug_frame     0x0003c2        0x4ce build/default/production/_ext/1472/ProtocolloComunicazione.o
 .debug_frame     0x000890        0x340 build/default/production/_ext/1472/Timer.o
 .debug_frame     0x000bd0        0x164 build/default/production/_ext/1472/usart.o
 .debug_frame     0x000d34         0xb2 build/default/production/_ext/1472/ADC.o
 .debug_frame     0x000de6        0x176 build/default/production/_ext/1472/EEPROM.o
 .debug_frame     0x000f5c         0xf4 build/default/production/_ext/1472/Driver_ModBus.o
 .debug_frame     0x001050        0x362 build/default/production/_ext/1472/ProtocolloModBus.o
 .debug_frame     0x0013b2        0x66c build/default/production/_ext/1472/Core.o
 .debug_frame     0x001a1e         0xd4 build/default/production/_ext/1472/PID.o
 .debug_frame     0x001af2         0xd8 build/default/production/_ext/1472/LCD_ScreenInfo.o
 .debug_frame     0x001bca         0xbc build/default/production/_ext/1472/i2c_LCD_Driver.o
 .debug_frame     0x001c86        0x148 build/default/production/_ext/1472/soft_i2c.o
 .debug_frame     0x001dce         0x4c build/default/production/_ext/1472/DAC.o
 .debug_frame     0x001e1a         0x4c build/default/production/_ext/1472/SevenSegDisplay.o
 .debug_frame     0x001e66        0x26c build/default/production/_ext/1472/ServiceComunication.o
 .debug_frame     0x0020d2        0x36c build/default/production/_ext/1472/Interrupt.o
 .debug_frame     0x00243e         0xf4 build/default/production/_ext/1472/Driver_ModBus_U4.o
 .debug_frame     0x002532        0x228 build/default/production/_ext/1472/ModbusCAN.o
 .debug_frame     0x00275a        0x110 build/default/production/_ext/1472/ProtocolloModBus_U4.o

.debug_str        0x000000       0x3c0a
 *(.debug_str)
 .debug_str       0x000000        0x1a5 build/default/production/_ext/1472/DefinePeriferiche.o
 .debug_str       0x0001a5        0x1a0 build/default/production/_ext/1472/Driver_Comunicazione.o
 .debug_str       0x000345         0x2b build/default/production/_ext/1472/I2C.o
 .debug_str       0x000370        0xba8 build/default/production/_ext/1472/Main.o
 .debug_str       0x000f18        0x4c4 build/default/production/_ext/1472/ProtocolloComunicazione.o
 .debug_str       0x0013dc        0x277 build/default/production/_ext/1472/Timer.o
 .debug_str       0x001653         0xad build/default/production/_ext/1472/usart.o
 .debug_str       0x001700         0xbd build/default/production/_ext/1472/ADC.o
 .debug_str       0x0017bd        0x23f build/default/production/_ext/1472/EEPROM.o
 .debug_str       0x0019fc        0x201 build/default/production/_ext/1472/Driver_ModBus.o
 .debug_str       0x001bfd        0x40f build/default/production/_ext/1472/ProtocolloModBus.o
 .debug_str       0x00200c        0x703 build/default/production/_ext/1472/Core.o
 .debug_str       0x00270f        0x1e5 build/default/production/_ext/1472/PID.o
 .debug_str       0x0028f4        0x142 build/default/production/_ext/1472/LCD_ScreenInfo.o
 .debug_str       0x002a36         0x13 build/default/production/_ext/1472/i2c_LCD_Driver.o
 .debug_str       0x002a49         0x27 build/default/production/_ext/1472/soft_i2c.o
 .debug_str       0x002a70          0x9 build/default/production/_ext/1472/DAC.o
 .debug_str       0x002a79        0x14d build/default/production/_ext/1472/SevenSegDisplay.o
 .debug_str       0x002bc6         0xc2 build/default/production/_ext/1472/ServiceComunication.o
 .debug_str       0x002c88        0x979 build/default/production/_ext/1472/Interrupt.o
 .debug_str       0x003601        0x1b0 build/default/production/_ext/1472/Driver_ModBus_U4.o
 .debug_str       0x0037b1        0x24d build/default/production/_ext/1472/ModbusCAN.o
 .debug_str       0x0039fe        0x20c build/default/production/_ext/1472/ProtocolloModBus_U4.o

.debug_loc
 *(.debug_loc)

.debug_macinfo
 *(.debug_macinfo)

.debug_pubnames
                  0x000000       0x2986
 *(.debug_pubnames)
 .debug_pubnames
                  0x000000         0x1f build/default/production/_ext/1472/DefinePeriferiche.o
 .debug_pubnames
                  0x00001f         0x9b build/default/production/_ext/1472/Driver_Comunicazione.o
 .debug_pubnames
                  0x0000ba         0xab build/default/production/_ext/1472/I2C.o
 .debug_pubnames
                  0x000165        0xf5c build/default/production/_ext/1472/Main.o
 .debug_pubnames
                  0x0010c1        0x398 build/default/production/_ext/1472/ProtocolloComunicazione.o
 .debug_pubnames
                  0x001459        0x1c1 build/default/production/_ext/1472/Timer.o
 .debug_pubnames
                  0x00161a         0xb2 build/default/production/_ext/1472/usart.o
 .debug_pubnames
                  0x0016cc        0x156 build/default/production/_ext/1472/ADC.o
 .debug_pubnames
                  0x001822         0xe0 build/default/production/_ext/1472/EEPROM.o
 .debug_pubnames
                  0x001902         0xaa build/default/production/_ext/1472/Driver_ModBus.o
 .debug_pubnames
                  0x0019ac        0x27f build/default/production/_ext/1472/ProtocolloModBus.o
 .debug_pubnames
                  0x001c2b        0x4fc build/default/production/_ext/1472/Core.o
 .debug_pubnames
                  0x002127         0x69 build/default/production/_ext/1472/PID.o
 .debug_pubnames
                  0x002190         0x66 build/default/production/_ext/1472/LCD_ScreenInfo.o
 .debug_pubnames
                  0x0021f6         0x79 build/default/production/_ext/1472/i2c_LCD_Driver.o
 .debug_pubnames
                  0x00226f         0xa9 build/default/production/_ext/1472/soft_i2c.o
 .debug_pubnames
                  0x002318         0x30 build/default/production/_ext/1472/DAC.o
 .debug_pubnames
                  0x002348         0x30 build/default/production/_ext/1472/SevenSegDisplay.o
 .debug_pubnames
                  0x002378        0x12e build/default/production/_ext/1472/ServiceComunication.o
 .debug_pubnames
                  0x0024a6        0x1b7 build/default/production/_ext/1472/Interrupt.o
 .debug_pubnames
                  0x00265d         0xc2 build/default/production/_ext/1472/Driver_ModBus_U4.o
 .debug_pubnames
                  0x00271f        0x1a2 build/default/production/_ext/1472/ModbusCAN.o
 .debug_pubnames
                  0x0028c1         0xc5 build/default/production/_ext/1472/ProtocolloModBus_U4.o

.debug_ranges
 *(.debug_ranges)

.debug_aranges    0x000000        0x228
 *(.debug_aranges)
 .debug_aranges
                  0x000000         0x18 build/default/production/_ext/1472/DefinePeriferiche.o
 .debug_aranges
                  0x000018         0x18 build/default/production/_ext/1472/Driver_Comunicazione.o
 .debug_aranges
                  0x000030         0x18 build/default/production/_ext/1472/I2C.o
 .debug_aranges
                  0x000048         0x18 build/default/production/_ext/1472/Main.o
 .debug_aranges
                  0x000060         0x18 build/default/production/_ext/1472/ProtocolloComunicazione.o
 .debug_aranges
                  0x000078         0x18 build/default/production/_ext/1472/Timer.o
 .debug_aranges
                  0x000090         0x18 build/default/production/_ext/1472/usart.o
 .debug_aranges
                  0x0000a8         0x18 build/default/production/_ext/1472/ADC.o
 .debug_aranges
                  0x0000c0         0x18 build/default/production/_ext/1472/EEPROM.o
 .debug_aranges
                  0x0000d8         0x18 build/default/production/_ext/1472/Driver_ModBus.o
 .debug_aranges
                  0x0000f0         0x18 build/default/production/_ext/1472/ProtocolloModBus.o
 .debug_aranges
                  0x000108         0x18 build/default/production/_ext/1472/Core.o
 .debug_aranges
                  0x000120         0x18 build/default/production/_ext/1472/PID.o
 .debug_aranges
                  0x000138         0x18 build/default/production/_ext/1472/LCD_ScreenInfo.o
 .debug_aranges
                  0x000150         0x18 build/default/production/_ext/1472/i2c_LCD_Driver.o
 .debug_aranges
                  0x000168         0x18 build/default/production/_ext/1472/soft_i2c.o
 .debug_aranges
                  0x000180         0x18 build/default/production/_ext/1472/DAC.o
 .debug_aranges
                  0x000198         0x18 build/default/production/_ext/1472/SevenSegDisplay.o
 .debug_aranges
                  0x0001b0         0x18 build/default/production/_ext/1472/ServiceComunication.o
 .debug_aranges
                  0x0001c8         0x18 build/default/production/_ext/1472/Interrupt.o
 .debug_aranges
                  0x0001e0         0x18 build/default/production/_ext/1472/Driver_ModBus_U4.o
 .debug_aranges
                  0x0001f8         0x18 build/default/production/_ext/1472/ModbusCAN.o
 .debug_aranges
                  0x000210         0x18 build/default/production/_ext/1472/ProtocolloModBus_U4.o
                    0x0000                  WREG0 = 0x0
                    0x0000                  _WREG0 = 0x0
                    0x0002                  WREG1 = 0x2
                    0x0002                  _WREG1 = 0x2
                    0x0004                  WREG2 = 0x4
                    0x0004                  _WREG2 = 0x4
                    0x0006                  WREG3 = 0x6
                    0x0006                  _WREG3 = 0x6
                    0x0008                  WREG4 = 0x8
                    0x0008                  _WREG4 = 0x8
                    0x000a                  WREG5 = 0xa
                    0x000a                  _WREG5 = 0xa
                    0x000c                  WREG6 = 0xc
                    0x000c                  _WREG6 = 0xc
                    0x000e                  WREG7 = 0xe
                    0x000e                  _WREG7 = 0xe
                    0x0010                  WREG8 = 0x10
                    0x0010                  _WREG8 = 0x10
                    0x0012                  WREG9 = 0x12
                    0x0012                  _WREG9 = 0x12
                    0x0014                  WREG10 = 0x14
                    0x0014                  _WREG10 = 0x14
                    0x0016                  WREG11 = 0x16
                    0x0016                  _WREG11 = 0x16
                    0x0018                  WREG12 = 0x18
                    0x0018                  _WREG12 = 0x18
                    0x001a                  WREG13 = 0x1a
                    0x001a                  _WREG13 = 0x1a
                    0x001c                  WREG14 = 0x1c
                    0x001c                  _WREG14 = 0x1c
                    0x001e                  WREG15 = 0x1e
                    0x001e                  _WREG15 = 0x1e
                    0x0020                  SPLIM = 0x20
                    0x0020                  _SPLIM = 0x20
                    0x002e                  PCL = 0x2e
                    0x002e                  _PCL = 0x2e
                    0x0030                  PCH = 0x30
                    0x0030                  _PCH = 0x30
                    0x0032                  DSRPAG = 0x32
                    0x0032                  _DSRPAG = 0x32
                    0x0034                  DSWPAG = 0x34
                    0x0034                  _DSWPAG = 0x34
                    0x0036                  RCOUNT = 0x36
                    0x0036                  _RCOUNT = 0x36
                    0x0042                  SR = 0x42
                    0x0042                  _SR = 0x42
                    0x0042                  _SRbits = 0x42
                    0x0044                  CORCON = 0x44
                    0x0044                  _CORCON = 0x44
                    0x0044                  _CORCONbits = 0x44
                    0x0052                  DISICNT = 0x52
                    0x0052                  _DISICNT = 0x52
                    0x0054                  TBLPAG = 0x54
                    0x0054                  _TBLPAG = 0x54
                    0x0056                  CNPD1 = 0x56
                    0x0056                  _CNPD1 = 0x56
                    0x0056                  _CNPD1bits = 0x56
                    0x0058                  CNPD2 = 0x58
                    0x0058                  _CNPD2 = 0x58
                    0x0058                  _CNPD2bits = 0x58
                    0x005a                  CNPD3 = 0x5a
                    0x005a                  _CNPD3 = 0x5a
                    0x005a                  _CNPD3bits = 0x5a
                    0x005c                  CNPD4 = 0x5c
                    0x005c                  _CNPD4 = 0x5c
                    0x005c                  _CNPD4bits = 0x5c
                    0x005e                  CNPD5 = 0x5e
                    0x005e                  _CNPD5 = 0x5e
                    0x005e                  _CNPD5bits = 0x5e
                    0x0060                  CNPD6 = 0x60
                    0x0060                  _CNPD6 = 0x60
                    0x0060                  _CNPD6bits = 0x60
                    0x0062                  CNEN1 = 0x62
                    0x0062                  _CNEN1 = 0x62
                    0x0062                  _CNEN1bits = 0x62
                    0x0064                  CNEN2 = 0x64
                    0x0064                  _CNEN2 = 0x64
                    0x0064                  _CNEN2bits = 0x64
                    0x0066                  CNEN3 = 0x66
                    0x0066                  _CNEN3 = 0x66
                    0x0066                  _CNEN3bits = 0x66
                    0x0068                  CNEN4 = 0x68
                    0x0068                  _CNEN4 = 0x68
                    0x0068                  _CNEN4bits = 0x68
                    0x006a                  CNEN5 = 0x6a
                    0x006a                  _CNEN5 = 0x6a
                    0x006a                  _CNEN5bits = 0x6a
                    0x006c                  CNEN6 = 0x6c
                    0x006c                  _CNEN6 = 0x6c
                    0x006c                  _CNEN6bits = 0x6c
                    0x006e                  CNPU1 = 0x6e
                    0x006e                  _CNPU1 = 0x6e
                    0x006e                  _CNPU1bits = 0x6e
                    0x0070                  CNPU2 = 0x70
                    0x0070                  _CNPU2 = 0x70
                    0x0070                  _CNPU2bits = 0x70
                    0x0072                  CNPU3 = 0x72
                    0x0072                  _CNPU3 = 0x72
                    0x0072                  _CNPU3bits = 0x72
                    0x0074                  CNPU4 = 0x74
                    0x0074                  _CNPU4 = 0x74
                    0x0074                  _CNPU4bits = 0x74
                    0x0076                  CNPU5 = 0x76
                    0x0076                  _CNPU5 = 0x76
                    0x0076                  _CNPU5bits = 0x76
                    0x0078                  CNPU6 = 0x78
                    0x0078                  _CNPU6 = 0x78
                    0x0078                  _CNPU6bits = 0x78
                    0x0080                  INTCON1 = 0x80
                    0x0080                  _INTCON1 = 0x80
                    0x0080                  _INTCON1bits = 0x80
                    0x0082                  INTCON2 = 0x82
                    0x0082                  _INTCON2 = 0x82
                    0x0082                  _INTCON2bits = 0x82
                    0x0084                  IFS0 = 0x84
                    0x0084                  _IFS0 = 0x84
                    0x0084                  _IFS0bits = 0x84
                    0x0086                  IFS1 = 0x86
                    0x0086                  _IFS1 = 0x86
                    0x0086                  _IFS1bits = 0x86
                    0x0088                  IFS2 = 0x88
                    0x0088                  _IFS2 = 0x88
                    0x0088                  _IFS2bits = 0x88
                    0x008a                  IFS3 = 0x8a
                    0x008a                  _IFS3 = 0x8a
                    0x008a                  _IFS3bits = 0x8a
                    0x008c                  IFS4 = 0x8c
                    0x008c                  _IFS4 = 0x8c
                    0x008c                  _IFS4bits = 0x8c
                    0x008e                  IFS5 = 0x8e
                    0x008e                  _IFS5 = 0x8e
                    0x008e                  _IFS5bits = 0x8e
                    0x0094                  IEC0 = 0x94
                    0x0094                  _IEC0 = 0x94
                    0x0094                  _IEC0bits = 0x94
                    0x0096                  IEC1 = 0x96
                    0x0096                  _IEC1 = 0x96
                    0x0096                  _IEC1bits = 0x96
                    0x0098                  IEC2 = 0x98
                    0x0098                  _IEC2 = 0x98
                    0x0098                  _IEC2bits = 0x98
                    0x009a                  IEC3 = 0x9a
                    0x009a                  _IEC3 = 0x9a
                    0x009a                  _IEC3bits = 0x9a
                    0x009c                  IEC4 = 0x9c
                    0x009c                  _IEC4 = 0x9c
                    0x009c                  _IEC4bits = 0x9c
                    0x009e                  IEC5 = 0x9e
                    0x009e                  _IEC5 = 0x9e
                    0x009e                  _IEC5bits = 0x9e
                    0x00a4                  IPC0 = 0xa4
                    0x00a4                  _IPC0 = 0xa4
                    0x00a4                  _IPC0bits = 0xa4
                    0x00a6                  IPC1 = 0xa6
                    0x00a6                  _IPC1 = 0xa6
                    0x00a6                  _IPC1bits = 0xa6
                    0x00a8                  IPC2 = 0xa8
                    0x00a8                  _IPC2 = 0xa8
                    0x00a8                  _IPC2bits = 0xa8
                    0x00aa                  IPC3 = 0xaa
                    0x00aa                  _IPC3 = 0xaa
                    0x00aa                  _IPC3bits = 0xaa
                    0x00ac                  IPC4 = 0xac
                    0x00ac                  _IPC4 = 0xac
                    0x00ac                  _IPC4bits = 0xac
                    0x00ae                  IPC5 = 0xae
                    0x00ae                  _IPC5 = 0xae
                    0x00ae                  _IPC5bits = 0xae
                    0x00b0                  IPC6 = 0xb0
                    0x00b0                  _IPC6 = 0xb0
                    0x00b0                  _IPC6bits = 0xb0
                    0x00b2                  IPC7 = 0xb2
                    0x00b2                  _IPC7 = 0xb2
                    0x00b2                  _IPC7bits = 0xb2
                    0x00b4                  IPC8 = 0xb4
                    0x00b4                  _IPC8 = 0xb4
                    0x00b4                  _IPC8bits = 0xb4
                    0x00b6                  IPC9 = 0xb6
                    0x00b6                  _IPC9 = 0xb6
                    0x00b6                  _IPC9bits = 0xb6
                    0x00b8                  IPC10 = 0xb8
                    0x00b8                  _IPC10 = 0xb8
                    0x00b8                  _IPC10bits = 0xb8
                    0x00ba                  IPC11 = 0xba
                    0x00ba                  _IPC11 = 0xba
                    0x00ba                  _IPC11bits = 0xba
                    0x00bc                  IPC12 = 0xbc
                    0x00bc                  _IPC12 = 0xbc
                    0x00bc                  _IPC12bits = 0xbc
                    0x00be                  IPC13 = 0xbe
                    0x00be                  _IPC13 = 0xbe
                    0x00be                  _IPC13bits = 0xbe
                    0x00c2                  IPC15 = 0xc2
                    0x00c2                  _IPC15 = 0xc2
                    0x00c2                  _IPC15bits = 0xc2
                    0x00c4                  IPC16 = 0xc4
                    0x00c4                  _IPC16 = 0xc4
                    0x00c4                  _IPC16bits = 0xc4
                    0x00c8                  IPC18 = 0xc8
                    0x00c8                  _IPC18 = 0xc8
                    0x00c8                  _IPC18bits = 0xc8
                    0x00ca                  IPC19 = 0xca
                    0x00ca                  _IPC19 = 0xca
                    0x00ca                  _IPC19bits = 0xca
                    0x00cc                  IPC20 = 0xcc
                    0x00cc                  _IPC20 = 0xcc
                    0x00cc                  _IPC20bits = 0xcc
                    0x00ce                  IPC21 = 0xce
                    0x00ce                  _IPC21 = 0xce
                    0x00ce                  _IPC21bits = 0xce
                    0x00d0                  IPC22 = 0xd0
                    0x00d0                  _IPC22 = 0xd0
                    0x00d0                  _IPC22bits = 0xd0
                    0x00d2                  IPC23 = 0xd2
                    0x00d2                  _IPC23 = 0xd2
                    0x00d2                  _IPC23bits = 0xd2
                    0x00e0                  INTTREG = 0xe0
                    0x00e0                  _INTTREG = 0xe0
                    0x00e0                  _INTTREGbits = 0xe0
                    0x0100                  TMR1 = 0x100
                    0x0100                  _TMR1 = 0x100
                    0x0102                  PR1 = 0x102
                    0x0102                  _PR1 = 0x102
                    0x0104                  T1CON = 0x104
                    0x0104                  _T1CON = 0x104
                    0x0104                  _T1CONbits = 0x104
                    0x0106                  TMR2 = 0x106
                    0x0106                  _TMR2 = 0x106
                    0x0108                  TMR3HLD = 0x108
                    0x0108                  _TMR3HLD = 0x108
                    0x010a                  TMR3 = 0x10a
                    0x010a                  _TMR3 = 0x10a
                    0x010c                  PR2 = 0x10c
                    0x010c                  _PR2 = 0x10c
                    0x010e                  PR3 = 0x10e
                    0x010e                  _PR3 = 0x10e
                    0x0110                  T2CON = 0x110
                    0x0110                  _T2CON = 0x110
                    0x0110                  _T2CONbits = 0x110
                    0x0112                  T3CON = 0x112
                    0x0112                  _T3CON = 0x112
                    0x0112                  _T3CONbits = 0x112
                    0x0114                  TMR4 = 0x114
                    0x0114                  _TMR4 = 0x114
                    0x0116                  TMR5HLD = 0x116
                    0x0116                  _TMR5HLD = 0x116
                    0x0118                  TMR5 = 0x118
                    0x0118                  _TMR5 = 0x118
                    0x011a                  PR4 = 0x11a
                    0x011a                  _PR4 = 0x11a
                    0x011c                  PR5 = 0x11c
                    0x011c                  _PR5 = 0x11c
                    0x011e                  T4CON = 0x11e
                    0x011e                  _T4CON = 0x11e
                    0x011e                  _T4CONbits = 0x11e
                    0x0120                  T5CON = 0x120
                    0x0120                  _T5CON = 0x120
                    0x0120                  _T5CONbits = 0x120
                    0x0140                  IC1CON1 = 0x140
                    0x0140                  _IC1CON1 = 0x140
                    0x0140                  _IC1CON1bits = 0x140
                    0x0142                  IC1CON2 = 0x142
                    0x0142                  _IC1CON2 = 0x142
                    0x0142                  _IC1CON2bits = 0x142
                    0x0144                  IC1BUF = 0x144
                    0x0144                  _IC1BUF = 0x144
                    0x0146                  IC1TMR = 0x146
                    0x0146                  _IC1TMR = 0x146
                    0x0148                  IC2CON1 = 0x148
                    0x0148                  _IC2CON1 = 0x148
                    0x0148                  _IC2CON1bits = 0x148
                    0x014a                  IC2CON2 = 0x14a
                    0x014a                  _IC2CON2 = 0x14a
                    0x014a                  _IC2CON2bits = 0x14a
                    0x014c                  IC2BUF = 0x14c
                    0x014c                  _IC2BUF = 0x14c
                    0x014e                  IC2TMR = 0x14e
                    0x014e                  _IC2TMR = 0x14e
                    0x0150                  IC3CON1 = 0x150
                    0x0150                  _IC3CON1 = 0x150
                    0x0150                  _IC3CON1bits = 0x150
                    0x0152                  IC3CON2 = 0x152
                    0x0152                  _IC3CON2 = 0x152
                    0x0152                  _IC3CON2bits = 0x152
                    0x0154                  IC3BUF = 0x154
                    0x0154                  _IC3BUF = 0x154
                    0x0156                  IC3TMR = 0x156
                    0x0156                  _IC3TMR = 0x156
                    0x0158                  IC4CON1 = 0x158
                    0x0158                  _IC4CON1 = 0x158
                    0x0158                  _IC4CON1bits = 0x158
                    0x015a                  IC4CON2 = 0x15a
                    0x015a                  _IC4CON2 = 0x15a
                    0x015a                  _IC4CON2bits = 0x15a
                    0x015c                  IC4BUF = 0x15c
                    0x015c                  _IC4BUF = 0x15c
                    0x015e                  IC4TMR = 0x15e
                    0x015e                  _IC4TMR = 0x15e
                    0x0160                  IC5CON1 = 0x160
                    0x0160                  _IC5CON1 = 0x160
                    0x0160                  _IC5CON1bits = 0x160
                    0x0162                  IC5CON2 = 0x162
                    0x0162                  _IC5CON2 = 0x162
                    0x0162                  _IC5CON2bits = 0x162
                    0x0164                  IC5BUF = 0x164
                    0x0164                  _IC5BUF = 0x164
                    0x0166                  IC5TMR = 0x166
                    0x0166                  _IC5TMR = 0x166
                    0x0168                  IC6CON1 = 0x168
                    0x0168                  _IC6CON1 = 0x168
                    0x0168                  _IC6CON1bits = 0x168
                    0x016a                  IC6CON2 = 0x16a
                    0x016a                  _IC6CON2 = 0x16a
                    0x016a                  _IC6CON2bits = 0x16a
                    0x016c                  IC6BUF = 0x16c
                    0x016c                  _IC6BUF = 0x16c
                    0x016e                  IC6TMR = 0x16e
                    0x016e                  _IC6TMR = 0x16e
                    0x0170                  IC7CON1 = 0x170
                    0x0170                  _IC7CON1 = 0x170
                    0x0170                  _IC7CON1bits = 0x170
                    0x0172                  IC7CON2 = 0x172
                    0x0172                  _IC7CON2 = 0x172
                    0x0172                  _IC7CON2bits = 0x172
                    0x0174                  IC7BUF = 0x174
                    0x0174                  _IC7BUF = 0x174
                    0x0176                  IC7TMR = 0x176
                    0x0176                  _IC7TMR = 0x176
                    0x0178                  IC8CON1 = 0x178
                    0x0178                  _IC8CON1 = 0x178
                    0x0178                  _IC8CON1bits = 0x178
                    0x017a                  IC8CON2 = 0x17a
                    0x017a                  _IC8CON2 = 0x17a
                    0x017a                  _IC8CON2bits = 0x17a
                    0x017c                  IC8BUF = 0x17c
                    0x017c                  _IC8BUF = 0x17c
                    0x017e                  IC8TMR = 0x17e
                    0x017e                  _IC8TMR = 0x17e
                    0x0180                  IC9CON1 = 0x180
                    0x0180                  _IC9CON1 = 0x180
                    0x0180                  _IC9CON1bits = 0x180
                    0x0182                  IC9CON2 = 0x182
                    0x0182                  _IC9CON2 = 0x182
                    0x0182                  _IC9CON2bits = 0x182
                    0x0184                  IC9BUF = 0x184
                    0x0184                  _IC9BUF = 0x184
                    0x0186                  IC9TMR = 0x186
                    0x0186                  _IC9TMR = 0x186
                    0x0190                  OC1CON1 = 0x190
                    0x0190                  _OC1CON1 = 0x190
                    0x0190                  _OC1CON1bits = 0x190
                    0x0192                  OC1CON2 = 0x192
                    0x0192                  _OC1CON2 = 0x192
                    0x0192                  _OC1CON2bits = 0x192
                    0x0194                  OC1RS = 0x194
                    0x0194                  _OC1RS = 0x194
                    0x0196                  OC1R = 0x196
                    0x0196                  _OC1R = 0x196
                    0x0198                  OC1TMR = 0x198
                    0x0198                  _OC1TMR = 0x198
                    0x019a                  OC2CON1 = 0x19a
                    0x019a                  _OC2CON1 = 0x19a
                    0x019a                  _OC2CON1bits = 0x19a
                    0x019c                  OC2CON2 = 0x19c
                    0x019c                  _OC2CON2 = 0x19c
                    0x019c                  _OC2CON2bits = 0x19c
                    0x019e                  OC2RS = 0x19e
                    0x019e                  _OC2RS = 0x19e
                    0x01a0                  OC2R = 0x1a0
                    0x01a0                  _OC2R = 0x1a0
                    0x01a2                  OC2TMR = 0x1a2
                    0x01a2                  _OC2TMR = 0x1a2
                    0x01a4                  OC3CON1 = 0x1a4
                    0x01a4                  _OC3CON1 = 0x1a4
                    0x01a4                  _OC3CON1bits = 0x1a4
                    0x01a6                  OC3CON2 = 0x1a6
                    0x01a6                  _OC3CON2 = 0x1a6
                    0x01a6                  _OC3CON2bits = 0x1a6
                    0x01a8                  OC3RS = 0x1a8
                    0x01a8                  _OC3RS = 0x1a8
                    0x01aa                  OC3R = 0x1aa
                    0x01aa                  _OC3R = 0x1aa
                    0x01ac                  OC3TMR = 0x1ac
                    0x01ac                  _OC3TMR = 0x1ac
                    0x01ae                  OC4CON1 = 0x1ae
                    0x01ae                  _OC4CON1 = 0x1ae
                    0x01ae                  _OC4CON1bits = 0x1ae
                    0x01b0                  OC4CON2 = 0x1b0
                    0x01b0                  _OC4CON2 = 0x1b0
                    0x01b0                  _OC4CON2bits = 0x1b0
                    0x01b2                  OC4RS = 0x1b2
                    0x01b2                  _OC4RS = 0x1b2
                    0x01b4                  OC4R = 0x1b4
                    0x01b4                  _OC4R = 0x1b4
                    0x01b6                  OC4TMR = 0x1b6
                    0x01b6                  _OC4TMR = 0x1b6
                    0x01b8                  OC5CON1 = 0x1b8
                    0x01b8                  _OC5CON1 = 0x1b8
                    0x01b8                  _OC5CON1bits = 0x1b8
                    0x01ba                  OC5CON2 = 0x1ba
                    0x01ba                  _OC5CON2 = 0x1ba
                    0x01ba                  _OC5CON2bits = 0x1ba
                    0x01bc                  OC5RS = 0x1bc
                    0x01bc                  _OC5RS = 0x1bc
                    0x01be                  OC5R = 0x1be
                    0x01be                  _OC5R = 0x1be
                    0x01c0                  OC5TMR = 0x1c0
                    0x01c0                  _OC5TMR = 0x1c0
                    0x01c2                  OC6CON1 = 0x1c2
                    0x01c2                  _OC6CON1 = 0x1c2
                    0x01c2                  _OC6CON1bits = 0x1c2
                    0x01c4                  OC6CON2 = 0x1c4
                    0x01c4                  _OC6CON2 = 0x1c4
                    0x01c4                  _OC6CON2bits = 0x1c4
                    0x01c6                  OC6RS = 0x1c6
                    0x01c6                  _OC6RS = 0x1c6
                    0x01c8                  OC6R = 0x1c8
                    0x01c8                  _OC6R = 0x1c8
                    0x01ca                  OC6TMR = 0x1ca
                    0x01ca                  _OC6TMR = 0x1ca
                    0x01cc                  OC7CON1 = 0x1cc
                    0x01cc                  _OC7CON1 = 0x1cc
                    0x01cc                  _OC7CON1bits = 0x1cc
                    0x01ce                  OC7CON2 = 0x1ce
                    0x01ce                  _OC7CON2 = 0x1ce
                    0x01ce                  _OC7CON2bits = 0x1ce
                    0x01d0                  OC7RS = 0x1d0
                    0x01d0                  _OC7RS = 0x1d0
                    0x01d2                  OC7R = 0x1d2
                    0x01d2                  _OC7R = 0x1d2
                    0x01d4                  OC7TMR = 0x1d4
                    0x01d4                  _OC7TMR = 0x1d4
                    0x01d6                  OC8CON1 = 0x1d6
                    0x01d6                  _OC8CON1 = 0x1d6
                    0x01d6                  _OC8CON1bits = 0x1d6
                    0x01d8                  OC8CON2 = 0x1d8
                    0x01d8                  _OC8CON2 = 0x1d8
                    0x01d8                  _OC8CON2bits = 0x1d8
                    0x01da                  OC8RS = 0x1da
                    0x01da                  _OC8RS = 0x1da
                    0x01dc                  OC8R = 0x1dc
                    0x01dc                  _OC8R = 0x1dc
                    0x01de                  OC8TMR = 0x1de
                    0x01de                  _OC8TMR = 0x1de
                    0x01e0                  OC9CON1 = 0x1e0
                    0x01e0                  _OC9CON1 = 0x1e0
                    0x01e0                  _OC9CON1bits = 0x1e0
                    0x01e2                  OC9CON2 = 0x1e2
                    0x01e2                  _OC9CON2 = 0x1e2
                    0x01e2                  _OC9CON2bits = 0x1e2
                    0x01e4                  OC9RS = 0x1e4
                    0x01e4                  _OC9RS = 0x1e4
                    0x01e6                  OC9R = 0x1e6
                    0x01e6                  _OC9R = 0x1e6
                    0x01e8                  OC9TMR = 0x1e8
                    0x01e8                  _OC9TMR = 0x1e8
                    0x0200                  I2C1RCV = 0x200
                    0x0200                  _I2C1RCV = 0x200
                    0x0202                  I2C1TRN = 0x202
                    0x0202                  _I2C1TRN = 0x202
                    0x0204                  I2C1BRG = 0x204
                    0x0204                  _I2C1BRG = 0x204
                    0x0206                  I2C1CON = 0x206
                    0x0206                  _I2C1CON = 0x206
                    0x0206                  _I2C1CONbits = 0x206
                    0x0208                  I2C1STAT = 0x208
                    0x0208                  _I2C1STAT = 0x208
                    0x0208                  _I2C1STATbits = 0x208
                    0x020a                  I2C1ADD = 0x20a
                    0x020a                  _I2C1ADD = 0x20a
                    0x020c                  I2C1MSK = 0x20c
                    0x020c                  _I2C1MSK = 0x20c
                    0x0210                  I2C2RCV = 0x210
                    0x0210                  _I2C2RCV = 0x210
                    0x0212                  I2C2TRN = 0x212
                    0x0212                  _I2C2TRN = 0x212
                    0x0214                  I2C2BRG = 0x214
                    0x0214                  _I2C2BRG = 0x214
                    0x0216                  I2C2CON = 0x216
                    0x0216                  _I2C2CON = 0x216
                    0x0216                  _I2C2CONbits = 0x216
                    0x0218                  I2C2STAT = 0x218
                    0x0218                  _I2C2STAT = 0x218
                    0x0218                  _I2C2STATbits = 0x218
                    0x021a                  I2C2ADD = 0x21a
                    0x021a                  _I2C2ADD = 0x21a
                    0x021c                  I2C2MSK = 0x21c
                    0x021c                  _I2C2MSK = 0x21c
                    0x0220                  U1MODE = 0x220
                    0x0220                  _U1MODE = 0x220
                    0x0220                  _U1MODEbits = 0x220
                    0x0222                  U1STA = 0x222
                    0x0222                  _U1STA = 0x222
                    0x0222                  _U1STAbits = 0x222
                    0x0224                  U1TXREG = 0x224
                    0x0224                  _U1TXREG = 0x224
                    0x0224                  _U1TXREGbits = 0x224
                    0x0226                  U1RXREG = 0x226
                    0x0226                  _U1RXREG = 0x226
                    0x0226                  _U1RXREGbits = 0x226
                    0x0228                  U1BRG = 0x228
                    0x0228                  _U1BRG = 0x228
                    0x0230                  U2MODE = 0x230
                    0x0230                  _U2MODE = 0x230
                    0x0230                  _U2MODEbits = 0x230
                    0x0232                  U2STA = 0x232
                    0x0232                  _U2STA = 0x232
                    0x0232                  _U2STAbits = 0x232
                    0x0234                  U2TXREG = 0x234
                    0x0234                  _U2TXREG = 0x234
                    0x0234                  _U2TXREGbits = 0x234
                    0x0236                  U2RXREG = 0x236
                    0x0236                  _U2RXREG = 0x236
                    0x0236                  _U2RXREGbits = 0x236
                    0x0238                  U2BRG = 0x238
                    0x0238                  _U2BRG = 0x238
                    0x0240                  SPI1STAT = 0x240
                    0x0240                  _SPI1STAT = 0x240
                    0x0240                  _SPI1STATbits = 0x240
                    0x0242                  SPI1CON1 = 0x242
                    0x0242                  _SPI1CON1 = 0x242
                    0x0242                  _SPI1CON1bits = 0x242
                    0x0244                  SPI1CON2 = 0x244
                    0x0244                  _SPI1CON2 = 0x244
                    0x0244                  _SPI1CON2bits = 0x244
                    0x0248                  SPI1BUF = 0x248
                    0x0248                  _SPI1BUF = 0x248
                    0x0250                  U3MODE = 0x250
                    0x0250                  _U3MODE = 0x250
                    0x0250                  _U3MODEbits = 0x250
                    0x0252                  U3STA = 0x252
                    0x0252                  _U3STA = 0x252
                    0x0252                  _U3STAbits = 0x252
                    0x0254                  U3TXREG = 0x254
                    0x0254                  _U3TXREG = 0x254
                    0x0254                  _U3TXREGbits = 0x254
                    0x0256                  U3RXREG = 0x256
                    0x0256                  _U3RXREG = 0x256
                    0x0256                  _U3RXREGbits = 0x256
                    0x0258                  U3BRG = 0x258
                    0x0258                  _U3BRG = 0x258
                    0x0260                  SPI2STAT = 0x260
                    0x0260                  _SPI2STAT = 0x260
                    0x0260                  _SPI2STATbits = 0x260
                    0x0262                  SPI2CON1 = 0x262
                    0x0262                  _SPI2CON1 = 0x262
                    0x0262                  _SPI2CON1bits = 0x262
                    0x0264                  SPI2CON2 = 0x264
                    0x0264                  _SPI2CON2 = 0x264
                    0x0264                  _SPI2CON2bits = 0x264
                    0x0268                  SPI2BUF = 0x268
                    0x0268                  _SPI2BUF = 0x268
                    0x0270                  I2C3RCV = 0x270
                    0x0270                  _I2C3RCV = 0x270
                    0x0272                  I2C3TRN = 0x272
                    0x0272                  _I2C3TRN = 0x272
                    0x0274                  I2C3BRG = 0x274
                    0x0274                  _I2C3BRG = 0x274
                    0x0276                  I2C3CON = 0x276
                    0x0276                  _I2C3CON = 0x276
                    0x0276                  _I2C3CONbits = 0x276
                    0x0278                  I2C3STAT = 0x278
                    0x0278                  _I2C3STAT = 0x278
                    0x0278                  _I2C3STATbits = 0x278
                    0x027a                  I2C3ADD = 0x27a
                    0x027a                  _I2C3ADD = 0x27a
                    0x027c                  I2C3MSK = 0x27c
                    0x027c                  _I2C3MSK = 0x27c
                    0x0280                  SPI3STAT = 0x280
                    0x0280                  _SPI3STAT = 0x280
                    0x0280                  _SPI3STATbits = 0x280
                    0x0282                  SPI3CON1 = 0x282
                    0x0282                  _SPI3CON1 = 0x282
                    0x0282                  _SPI3CON1bits = 0x282
                    0x0284                  SPI3CON2 = 0x284
                    0x0284                  _SPI3CON2 = 0x284
                    0x0284                  _SPI3CON2bits = 0x284
                    0x0288                  SPI3BUF = 0x288
                    0x0288                  _SPI3BUF = 0x288
                    0x02b0                  U4MODE = 0x2b0
                    0x02b0                  _U4MODE = 0x2b0
                    0x02b0                  _U4MODEbits = 0x2b0
                    0x02b2                  U4STA = 0x2b2
                    0x02b2                  _U4STA = 0x2b2
                    0x02b2                  _U4STAbits = 0x2b2
                    0x02b4                  U4TXREG = 0x2b4
                    0x02b4                  _U4TXREG = 0x2b4
                    0x02b4                  _U4TXREGbits = 0x2b4
                    0x02b6                  U4RXREG = 0x2b6
                    0x02b6                  _U4RXREG = 0x2b6
                    0x02b6                  _U4RXREGbits = 0x2b6
                    0x02b8                  U4BRG = 0x2b8
                    0x02b8                  _U4BRG = 0x2b8
                    0x02c0                  TRISA = 0x2c0
                    0x02c0                  _TRISA = 0x2c0
                    0x02c0                  _TRISAbits = 0x2c0
                    0x02c2                  PORTA = 0x2c2
                    0x02c2                  _PORTA = 0x2c2
                    0x02c2                  _PORTAbits = 0x2c2
                    0x02c4                  LATA = 0x2c4
                    0x02c4                  _LATA = 0x2c4
                    0x02c4                  _LATAbits = 0x2c4
                    0x02c6                  ODCA = 0x2c6
                    0x02c6                  _ODCA = 0x2c6
                    0x02c6                  _ODCAbits = 0x2c6
                    0x02c8                  TRISB = 0x2c8
                    0x02c8                  _TRISB = 0x2c8
                    0x02c8                  _TRISBbits = 0x2c8
                    0x02ca                  PORTB = 0x2ca
                    0x02ca                  _PORTB = 0x2ca
                    0x02ca                  _PORTBbits = 0x2ca
                    0x02cc                  LATB = 0x2cc
                    0x02cc                  _LATB = 0x2cc
                    0x02cc                  _LATBbits = 0x2cc
                    0x02ce                  ODCB = 0x2ce
                    0x02ce                  _ODCB = 0x2ce
                    0x02ce                  _ODCBbits = 0x2ce
                    0x02d0                  TRISC = 0x2d0
                    0x02d0                  _TRISC = 0x2d0
                    0x02d0                  _TRISCbits = 0x2d0
                    0x02d2                  PORTC = 0x2d2
                    0x02d2                  _PORTC = 0x2d2
                    0x02d2                  _PORTCbits = 0x2d2
                    0x02d4                  LATC = 0x2d4
                    0x02d4                  _LATC = 0x2d4
                    0x02d4                  _LATCbits = 0x2d4
                    0x02d6                  ODCC = 0x2d6
                    0x02d6                  _ODCC = 0x2d6
                    0x02d6                  _ODCCbits = 0x2d6
                    0x02d8                  TRISD = 0x2d8
                    0x02d8                  _TRISD = 0x2d8
                    0x02d8                  _TRISDbits = 0x2d8
                    0x02da                  PORTD = 0x2da
                    0x02da                  _PORTD = 0x2da
                    0x02da                  _PORTDbits = 0x2da
                    0x02dc                  LATD = 0x2dc
                    0x02dc                  _LATD = 0x2dc
                    0x02dc                  _LATDbits = 0x2dc
                    0x02de                  ODCD = 0x2de
                    0x02de                  _ODCD = 0x2de
                    0x02de                  _ODCDbits = 0x2de
                    0x02e0                  TRISE = 0x2e0
                    0x02e0                  _TRISE = 0x2e0
                    0x02e0                  _TRISEbits = 0x2e0
                    0x02e2                  PORTE = 0x2e2
                    0x02e2                  _PORTE = 0x2e2
                    0x02e2                  _PORTEbits = 0x2e2
                    0x02e4                  LATE = 0x2e4
                    0x02e4                  _LATE = 0x2e4
                    0x02e4                  _LATEbits = 0x2e4
                    0x02e6                  ODCE = 0x2e6
                    0x02e6                  _ODCE = 0x2e6
                    0x02e6                  _ODCEbits = 0x2e6
                    0x02e8                  TRISF = 0x2e8
                    0x02e8                  _TRISF = 0x2e8
                    0x02e8                  _TRISFbits = 0x2e8
                    0x02ea                  PORTF = 0x2ea
                    0x02ea                  _PORTF = 0x2ea
                    0x02ea                  _PORTFbits = 0x2ea
                    0x02ec                  LATF = 0x2ec
                    0x02ec                  _LATF = 0x2ec
                    0x02ec                  _LATFbits = 0x2ec
                    0x02ee                  ODCF = 0x2ee
                    0x02ee                  _ODCF = 0x2ee
                    0x02ee                  _ODCFbits = 0x2ee
                    0x02f0                  TRISG = 0x2f0
                    0x02f0                  _TRISG = 0x2f0
                    0x02f0                  _TRISGbits = 0x2f0
                    0x02f2                  PORTG = 0x2f2
                    0x02f2                  _PORTG = 0x2f2
                    0x02f2                  _PORTGbits = 0x2f2
                    0x02f4                  LATG = 0x2f4
                    0x02f4                  _LATG = 0x2f4
                    0x02f4                  _LATGbits = 0x2f4
                    0x02f6                  ODCG = 0x2f6
                    0x02f6                  _ODCG = 0x2f6
                    0x02f6                  _ODCGbits = 0x2f6
                    0x02fc                  PADCFG1 = 0x2fc
                    0x02fc                  _PADCFG1 = 0x2fc
                    0x02fc                  _PADCFG1bits = 0x2fc
                    0x0300                  ADC1BUF0 = 0x300
                    0x0300                  _ADC1BUF0 = 0x300
                    0x0302                  ADC1BUF1 = 0x302
                    0x0302                  _ADC1BUF1 = 0x302
                    0x0304                  ADC1BUF2 = 0x304
                    0x0304                  _ADC1BUF2 = 0x304
                    0x0306                  ADC1BUF3 = 0x306
                    0x0306                  _ADC1BUF3 = 0x306
                    0x0308                  ADC1BUF4 = 0x308
                    0x0308                  _ADC1BUF4 = 0x308
                    0x030a                  ADC1BUF5 = 0x30a
                    0x030a                  _ADC1BUF5 = 0x30a
                    0x030c                  ADC1BUF6 = 0x30c
                    0x030c                  _ADC1BUF6 = 0x30c
                    0x030e                  ADC1BUF7 = 0x30e
                    0x030e                  _ADC1BUF7 = 0x30e
                    0x0310                  ADC1BUF8 = 0x310
                    0x0310                  _ADC1BUF8 = 0x310
                    0x0312                  ADC1BUF9 = 0x312
                    0x0312                  _ADC1BUF9 = 0x312
                    0x0314                  ADC1BUFA = 0x314
                    0x0314                  _ADC1BUFA = 0x314
                    0x0316                  ADC1BUFB = 0x316
                    0x0316                  _ADC1BUFB = 0x316
                    0x0318                  ADC1BUFC = 0x318
                    0x0318                  _ADC1BUFC = 0x318
                    0x031a                  ADC1BUFD = 0x31a
                    0x031a                  _ADC1BUFD = 0x31a
                    0x031c                  ADC1BUFE = 0x31c
                    0x031c                  _ADC1BUFE = 0x31c
                    0x031e                  ADC1BUFF = 0x31e
                    0x031e                  _ADC1BUFF = 0x31e
                    0x0320                  AD1CON1 = 0x320
                    0x0320                  _AD1CON1 = 0x320
                    0x0320                  _AD1CON1bits = 0x320
                    0x0322                  AD1CON2 = 0x322
                    0x0322                  _AD1CON2 = 0x322
                    0x0322                  _AD1CON2bits = 0x322
                    0x0324                  AD1CON3 = 0x324
                    0x0324                  _AD1CON3 = 0x324
                    0x0324                  _AD1CON3bits = 0x324
                    0x0328                  AD1CHS = 0x328
                    0x0328                  _AD1CHS = 0x328
                    0x0328                  _AD1CHSbits = 0x328
                    0x0328                  AD1CHS0 = 0x328
                    0x0328                  _AD1CHS0 = 0x328
                    0x0328                  _AD1CHS0bits = 0x328
                    0x032e                  AD1CSSH = 0x32e
                    0x032e                  _AD1CSSH = 0x32e
                    0x032e                  _AD1CSSHbits = 0x32e
                    0x0330                  AD1CSSL = 0x330
                    0x0330                  _AD1CSSL = 0x330
                    0x0330                  _AD1CSSLbits = 0x330
                    0x033c                  CTMUCON = 0x33c
                    0x033c                  _CTMUCON = 0x33c
                    0x033c                  _CTMUCONbits = 0x33c
                    0x033e                  CTMUICON = 0x33e
                    0x033e                  _CTMUICON = 0x33e
                    0x033e                  _CTMUICONbits = 0x33e
                    0x0340                  ADC1BUF10 = 0x340
                    0x0340                  _ADC1BUF10 = 0x340
                    0x0342                  ADC1BUF11 = 0x342
                    0x0342                  _ADC1BUF11 = 0x342
                    0x0344                  ADC1BUF12 = 0x344
                    0x0344                  _ADC1BUF12 = 0x344
                    0x0346                  ADC1BUF13 = 0x346
                    0x0346                  _ADC1BUF13 = 0x346
                    0x0348                  ADC1BUF14 = 0x348
                    0x0348                  _ADC1BUF14 = 0x348
                    0x034a                  ADC1BUF15 = 0x34a
                    0x034a                  _ADC1BUF15 = 0x34a
                    0x034c                  ADC1BUF16 = 0x34c
                    0x034c                  _ADC1BUF16 = 0x34c
                    0x034e                  ADC1BUF17 = 0x34e
                    0x034e                  _ADC1BUF17 = 0x34e
                    0x0350                  ADC1BUF18 = 0x350
                    0x0350                  _ADC1BUF18 = 0x350
                    0x0352                  ADC1BUF19 = 0x352
                    0x0352                  _ADC1BUF19 = 0x352
                    0x0354                  ADC1BUF1A = 0x354
                    0x0354                  _ADC1BUF1A = 0x354
                    0x0356                  ADC1BUF1B = 0x356
                    0x0356                  _ADC1BUF1B = 0x356
                    0x0358                  ADC1BUF1C = 0x358
                    0x0358                  _ADC1BUF1C = 0x358
                    0x035a                  ADC1BUF1D = 0x35a
                    0x035a                  _ADC1BUF1D = 0x35a
                    0x035c                  ADC1BUF1E = 0x35c
                    0x035c                  _ADC1BUF1E = 0x35c
                    0x035e                  ADC1BUF1F = 0x35e
                    0x035e                  _ADC1BUF1F = 0x35e
                    0x0480                  U1OTGIR = 0x480
                    0x0480                  _U1OTGIR = 0x480
                    0x0480                  _U1OTGIRbits = 0x480
                    0x0482                  U1OTGIE = 0x482
                    0x0482                  _U1OTGIE = 0x482
                    0x0482                  _U1OTGIEbits = 0x482
                    0x0484                  U1OTGSTAT = 0x484
                    0x0484                  _U1OTGSTAT = 0x484
                    0x0484                  _U1OTGSTATbits = 0x484
                    0x0486                  U1OTGCON = 0x486
                    0x0486                  _U1OTGCON = 0x486
                    0x0486                  _U1OTGCONbits = 0x486
                    0x0488                  U1PWRC = 0x488
                    0x0488                  _U1PWRC = 0x488
                    0x0488                  _U1PWRCbits = 0x488
                    0x048a                  U1IR = 0x48a
                    0x048a                  _U1IR = 0x48a
                    0x048a                  _U1IRbits = 0x48a
                    0x048c                  U1IE = 0x48c
                    0x048c                  _U1IE = 0x48c
                    0x048c                  _U1IEbits = 0x48c
                    0x048e                  U1EIR = 0x48e
                    0x048e                  _U1EIR = 0x48e
                    0x048e                  _U1EIRbits = 0x48e
                    0x0490                  U1EIE = 0x490
                    0x0490                  _U1EIE = 0x490
                    0x0490                  _U1EIEbits = 0x490
                    0x0492                  U1STAT = 0x492
                    0x0492                  _U1STAT = 0x492
                    0x0492                  _U1STATbits = 0x492
                    0x0494                  U1CON = 0x494
                    0x0494                  _U1CON = 0x494
                    0x0494                  _U1CONbits = 0x494
                    0x0496                  U1ADDR = 0x496
                    0x0496                  _U1ADDR = 0x496
                    0x0496                  _U1ADDRbits = 0x496
                    0x0498                  U1BDTP1 = 0x498
                    0x0498                  _U1BDTP1 = 0x498
                    0x0498                  _U1BDTP1bits = 0x498
                    0x049a                  U1FRML = 0x49a
                    0x049a                  _U1FRML = 0x49a
                    0x049a                  _U1FRMLbits = 0x49a
                    0x049c                  U1FRMH = 0x49c
                    0x049c                  _U1FRMH = 0x49c
                    0x049c                  _U1FRMHbits = 0x49c
                    0x049e                  U1TOK = 0x49e
                    0x049e                  _U1TOK = 0x49e
                    0x049e                  _U1TOKbits = 0x49e
                    0x04a0                  U1SOF = 0x4a0
                    0x04a0                  _U1SOF = 0x4a0
                    0x04a0                  _U1SOFbits = 0x4a0
                    0x04a6                  U1CNFG1 = 0x4a6
                    0x04a6                  _U1CNFG1 = 0x4a6
                    0x04a6                  _U1CNFG1bits = 0x4a6
                    0x04a8                  U1CNFG2 = 0x4a8
                    0x04a8                  _U1CNFG2 = 0x4a8
                    0x04a8                  _U1CNFG2bits = 0x4a8
                    0x04aa                  U1EP0 = 0x4aa
                    0x04aa                  _U1EP0 = 0x4aa
                    0x04aa                  _U1EP0bits = 0x4aa
                    0x04ac                  U1EP1 = 0x4ac
                    0x04ac                  _U1EP1 = 0x4ac
                    0x04ac                  _U1EP1bits = 0x4ac
                    0x04ae                  U1EP2 = 0x4ae
                    0x04ae                  _U1EP2 = 0x4ae
                    0x04ae                  _U1EP2bits = 0x4ae
                    0x04b0                  U1EP3 = 0x4b0
                    0x04b0                  _U1EP3 = 0x4b0
                    0x04b0                  _U1EP3bits = 0x4b0
                    0x04b2                  U1EP4 = 0x4b2
                    0x04b2                  _U1EP4 = 0x4b2
                    0x04b2                  _U1EP4bits = 0x4b2
                    0x04b4                  U1EP5 = 0x4b4
                    0x04b4                  _U1EP5 = 0x4b4
                    0x04b4                  _U1EP5bits = 0x4b4
                    0x04b6                  U1EP6 = 0x4b6
                    0x04b6                  _U1EP6 = 0x4b6
                    0x04b6                  _U1EP6bits = 0x4b6
                    0x04b8                  U1EP7 = 0x4b8
                    0x04b8                  _U1EP7 = 0x4b8
                    0x04b8                  _U1EP7bits = 0x4b8
                    0x04ba                  U1EP8 = 0x4ba
                    0x04ba                  _U1EP8 = 0x4ba
                    0x04ba                  _U1EP8bits = 0x4ba
                    0x04bc                  U1EP9 = 0x4bc
                    0x04bc                  _U1EP9 = 0x4bc
                    0x04bc                  _U1EP9bits = 0x4bc
                    0x04be                  U1EP10 = 0x4be
                    0x04be                  _U1EP10 = 0x4be
                    0x04be                  _U1EP10bits = 0x4be
                    0x04c0                  U1EP11 = 0x4c0
                    0x04c0                  _U1EP11 = 0x4c0
                    0x04c0                  _U1EP11bits = 0x4c0
                    0x04c2                  U1EP12 = 0x4c2
                    0x04c2                  _U1EP12 = 0x4c2
                    0x04c2                  _U1EP12bits = 0x4c2
                    0x04c4                  U1EP13 = 0x4c4
                    0x04c4                  _U1EP13 = 0x4c4
                    0x04c4                  _U1EP13bits = 0x4c4
                    0x04c6                  U1EP14 = 0x4c6
                    0x04c6                  _U1EP14 = 0x4c6
                    0x04c6                  _U1EP14bits = 0x4c6
                    0x04c8                  U1EP15 = 0x4c8
                    0x04c8                  _U1EP15 = 0x4c8
                    0x04c8                  _U1EP15bits = 0x4c8
                    0x04cc                  U1PWMRRS = 0x4cc
                    0x04cc                  _U1PWMRRS = 0x4cc
                    0x04cc                  _U1PWMRRSbits = 0x4cc
                    0x04ce                  U1PWMCON = 0x4ce
                    0x04ce                  _U1PWMCON = 0x4ce
                    0x04ce                  _U1PWMCONbits = 0x4ce
                    0x04de                  ANCFG = 0x4de
                    0x04de                  _ANCFG = 0x4de
                    0x04de                  _ANCFGbits = 0x4de
                    0x04e0                  ANSA = 0x4e0
                    0x04e0                  _ANSA = 0x4e0
                    0x04e0                  _ANSAbits = 0x4e0
                    0x04e2                  ANSB = 0x4e2
                    0x04e2                  _ANSB = 0x4e2
                    0x04e2                  _ANSBbits = 0x4e2
                    0x04e4                  ANSC = 0x4e4
                    0x04e4                  _ANSC = 0x4e4
                    0x04e4                  _ANSCbits = 0x4e4
                    0x04e6                  ANSD = 0x4e6
                    0x04e6                  _ANSD = 0x4e6
                    0x04e6                  _ANSDbits = 0x4e6
                    0x04e8                  ANSE = 0x4e8
                    0x04e8                  _ANSE = 0x4e8
                    0x04e8                  _ANSEbits = 0x4e8
                    0x04ea                  ANSF = 0x4ea
                    0x04ea                  _ANSF = 0x4ea
                    0x04ea                  _ANSFbits = 0x4ea
                    0x04ec                  ANSG = 0x4ec
                    0x04ec                  _ANSG = 0x4ec
                    0x04ec                  _ANSGbits = 0x4ec
                    0x0600                  PMCON1 = 0x600
                    0x0600                  _PMCON1 = 0x600
                    0x0600                  _PMCON1bits = 0x600
                    0x0602                  PMCON2 = 0x602
                    0x0602                  _PMCON2 = 0x602
                    0x0602                  _PMCON2bits = 0x602
                    0x0604                  PMCON3 = 0x604
                    0x0604                  _PMCON3 = 0x604
                    0x0604                  _PMCON3bits = 0x604
                    0x0606                  PMCON4 = 0x606
                    0x0606                  _PMCON4 = 0x606
                    0x0606                  _PMCON4bits = 0x606
                    0x0608                  PMCS1CF = 0x608
                    0x0608                  _PMCS1CF = 0x608
                    0x0608                  _PMCS1CFbits = 0x608
                    0x060a                  PMCS1BS = 0x60a
                    0x060a                  _PMCS1BS = 0x60a
                    0x060a                  _PMCS1BSbits = 0x60a
                    0x060c                  PMCS1MD = 0x60c
                    0x060c                  _PMCS1MD = 0x60c
                    0x060c                  _PMCS1MDbits = 0x60c
                    0x060e                  PMCS2CF = 0x60e
                    0x060e                  _PMCS2CF = 0x60e
                    0x060e                  _PMCS2CFbits = 0x60e
                    0x0610                  PMCS2BS = 0x610
                    0x0610                  _PMCS2BS = 0x610
                    0x0610                  _PMCS2BSbits = 0x610
                    0x0612                  PMCS2MD = 0x612
                    0x0612                  _PMCS2MD = 0x612
                    0x0612                  _PMCS2MDbits = 0x612
                    0x0614                  PMDOUT1 = 0x614
                    0x0614                  _PMDOUT1 = 0x614
                    0x0616                  PMDOUT2 = 0x616
                    0x0616                  _PMDOUT2 = 0x616
                    0x0618                  PMDIN1 = 0x618
                    0x0618                  _PMDIN1 = 0x618
                    0x061a                  PMDIN2 = 0x61a
                    0x061a                  _PMDIN2 = 0x61a
                    0x061c                  PMSTAT = 0x61c
                    0x061c                  _PMSTAT = 0x61c
                    0x061c                  _PMSTATbits = 0x61c
                    0x0620                  ALRMVAL = 0x620
                    0x0620                  _ALRMVAL = 0x620
                    0x0622                  ALCFGRPT = 0x622
                    0x0622                  _ALCFGRPT = 0x622
                    0x0622                  _ALCFGRPTbits = 0x622
                    0x0624                  RTCVAL = 0x624
                    0x0624                  _RTCVAL = 0x624
                    0x0626                  RCFGCAL = 0x626
                    0x0626                  _RCFGCAL = 0x626
                    0x0626                  _RCFGCALbits = 0x626
                    0x0630                  CMSTAT = 0x630
                    0x0630                  _CMSTAT = 0x630
                    0x0630                  _CMSTATbits = 0x630
                    0x0632                  CVRCON = 0x632
                    0x0632                  _CVRCON = 0x632
                    0x0632                  _CVRCONbits = 0x632
                    0x0634                  CM1CON = 0x634
                    0x0634                  _CM1CON = 0x634
                    0x0634                  _CM1CONbits = 0x634
                    0x0636                  CM2CON = 0x636
                    0x0636                  _CM2CON = 0x636
                    0x0636                  _CM2CONbits = 0x636
                    0x0638                  CM3CON = 0x638